.venv\Scripts\python.exe : Creating test da
tabase for alias 'default' ('test_onlinesch
ool_db')...
At line:1 char:1
+ .venv\Scripts\python.exe backend\manage.p
y test accounts.tests.Credit ...
+ ~~~~~~~~~~~~~~~~~~~~~~~~~~~~~~~~~~~~~~~~~
~~~~~~~~~~~~~~~~~~~~~~~~~~~~
    + CategoryInfo          : NotSpecified 
   : (Creating test d...eschool_db')...:S  
  tring) [], RemoteException
    + FullyQualifiedErrorId : NativeComman 
   dError
 

Found 6 test(s).
Operations to perform:
  Synchronize unmigrated apps: channels, corsheaders, daphne, drf_spectacular, drf_spectacular_sidecar, humanize, messages, rest_framework, staticfiles, unfold, unfold_filters, unfold_forms, unfold_importexport, unfold_inlines
  Apply all migrations: accounts, admin, auth, contenttypes, curriculum, homework, lessons, payments, progress, scheduling, sessions
Synchronizing apps without migrations:
  Creating tables...
    Running deferred SQL...
Running migrations:
  Applying contenttypes.0001_initial... OK
  Applying contenttypes.0002_remove_content_type_name... OK
  Applying auth.0001_initial... OK
  Applying auth.0002_alter_permission_name_max_length... OK
  Applying auth.0003_alter_user_email_max_length... OK
  Applying auth.0004_alter_user_username_opts... OK
  Applying auth.0005_alter_user_last_login_null... OK
  Applying auth.0006_require_contenttypes_0002... OK
  Applying auth.0007_alter_validators_add_error_messages... OK
  Applying auth.0008_alter_user_username_max_length... OK
  Applying auth.0009_alter_user_last_name_max_length... OK
  Applying auth.0010_alter_group_name_max_length... OK
  Applying auth.0011_update_proxy_permissions... OK
  Applying auth.0012_alter_user_first_name_max_length... OK
  Applying accounts.0001_initial... OK
  Applying scheduling.0001_initial... OK
  Applying scheduling.0002_lesson_availability_slot_lesson_lesson_date_and_more... OK
  Applying scheduling.0003_alter_lesson_room_sid... OK
  Applying scheduling.0004_lessontemplate_alter_lesson_status_activity... OK
  Applying scheduling.0005_lesson_ended_at_alter_lesson_status... OK
  Applying scheduling.0006_lesson_unique_booking_per_slot_date... OK
  Applying scheduling.0007_lesson_credits_consumed_lesson_no_show_reason... OK
  Applying payments.0001_initial... OK
  Applying accounts.0002_studentprofile_goals_and_more... OK
  Applying accounts.0003_alter_studentprofile_level... OK
  Applying accounts.0004_teacherprofile_languages... OK
  Applying accounts.0005_remove_teacherprofile_languages... OK
  Applying accounts.0006_teacherprofile_languages... OK
  Applying accounts.0007_teacherprofile_subjects... OK
  Applying accounts.0008_remove_teacherprofile_subjects... OK
  Applying accounts.0009_teacherprofile_subjects... OK
  Applying accounts.0010_remove_teacherprofile_subjects... OK
  Applying accounts.0011_teacherprofile_subjects... OK
  Applying accounts.0012_user_profile_picture... OK
  Applying accounts.0013_teacherprofile_payout_day_and_more... OK
  Applying accounts.0014_studentprofile_churn_reason_and_more... OK
  Applying accounts.0015_alter_adminnote_student_and_more... OK
  Applying accounts.0016_add_activityevent... OK
  Applying accounts.0017_user_timezone... OK
  Applying accounts.0018_credits_reserved... OK
  Applying admin.0001_initial... OK
  Applying admin.0002_logentry_remove_auto_add... OK
  Applying admin.0003_logentry_add_action_flag_choices... OK
  Applying curriculum.0001_initial... OK
  Applying curriculum.0002_slide... OK
  Applying curriculum.0003_lessonactivity_delete_slide... OK
  Applying curriculum.0004_remove_lesson_slides_pdf_remove_lesson_video_url_and_more... OK
  Applying curriculum.0005_lesson_slides_pdf... OK
  Applying homework.0001_initial... OK
  Applying homework.0002_remove_studentanswer_question_and_more... OK
  Applying lessons.0001_initial... OK
  Applying progress.0001_initial... OK
  Applying scheduling.0008_lesson_wrap_up... OK
  Applying scheduling.0009_credits_reserved... OK
test_booking_blocks_if_available_zero (acco
unts.tests.CreditReserveTest.test_booking_b
locks_if_available_zero) ... ok
test_booking_creates_reservation_not_deduct
ion (accounts.tests.CreditReserveTest.test_
booking_creates_reservation_not_deduction) 
... ok
test_cancel_releases_reservation_no_charge 
(accounts.tests.CreditReserveTest.test_canc
el_releases_reservation_no_charge) ... ok
test_completed_consumes_once_idempotent (ac
counts.tests.CreditReserveTest.test_complet
ed_consumes_once_idempotent) ... ok
test_no_double_deduction_regression (accoun
ts.tests.CreditReserveTest.test_no_double_d
eduction_regression) ... ok
test_student_absent_also_charges (accounts.
tests.CreditReserveTest.test_student_absent
_also_charges) ... ok

-------------------------------------------
---------------------------
Ran 6 tests in 0.214s

OK
Destroying test database for alias 'default
' ('test_onlineschool_db')...

  Applying sessions.0001_initial... OK
System check identified no issues (0 silenced).
